// Jest Snapshot v1, https://goo.gl/fbAQLP

exports[`GifItem tests should match with snapshot 1`] = `
<div>
  <div
    class="card"
  >
    <img
      alt="Nappa"
      src="https://media.giphy.com/media/3o7btNa0RUYa5E7iiQ/giphy.gif"
    />
  </div>
</div>
`;
